#-----------------------------------------------------------
# Vivado v2025.1 (64-bit)
# SW Build 6140274 on Thu May 22 00:12:29 MDT 2025
# IP Build 6138677 on Thu May 22 03:10:11 MDT 2025
# SharedData Build 6139179 on Tue May 20 17:58:58 MDT 2025
# Start of session at: Wed Jan 21 13:35:27 2026
# Process ID         : 25608
# Current directory  : C:/Users/daiju/Desktop/prEstados - copia
# Command line       : vivado.exe -gui_launcher_event rodinguilauncherevent20312 C:\Users\daiju\Desktop\prEstados - copia\prEstados.xpr
# Log file           : C:/Users/daiju/Desktop/prEstados - copia/vivado.log
# Journal file       : C:/Users/daiju/Desktop/prEstados - copia\vivado.jou
# Running On         : Junjie
# Platform           : Windows Server 2016 or Windows 10
# Operating System   : 26100
# Processor Detail   : 13th Gen Intel(R) Core(TM) i5-13420H
# CPU Frequency      : 2611 MHz
# CPU Physical cores : 8
# CPU Logical cores  : 12
# Host memory        : 16869 MB
# Swap memory        : 12884 MB
# Total Virtual      : 29754 MB
# Available Virtual  : 7807 MB
#-----------------------------------------------------------
start_gui
open_project {C:/Users/daiju/Desktop/prEstados - copia/prEstados.xpr}
update_compile_order -fileset sources_1
launch_simulation
launch_simulation
launch_simulation
launch_simulation
source tb_top.tcl
close_sim
launch_simulation
source tb_top.tcl
close_sim
launch_simulation
source tb_top.tcl
close_sim
launch_simulation
source tb_top.tcl
close_sim
launch_simulation
source tb_top.tcl
synth_design -top top -part xc7a100tcsg324-1 -lint 
close_sim
launch_simulation
launch_simulation
synth_design -top top -part xc7a100tcsg324-1 -lint 
launch_simulation
