#-----------------------------------------------------------
# Vivado v2025.1 (64-bit)
# SW Build 6140274 on Thu May 22 00:12:29 MDT 2025
# IP Build 6138677 on Thu May 22 03:10:11 MDT 2025
# SharedData Build 6139179 on Tue May 20 17:58:58 MDT 2025
# Start of session at: Mon Dec  8 19:47:39 2025
# Process ID         : 34340
# Current directory  : C:/Users/daiju/Desktop/LAB DE SED EXAMEN/prEstados - copia/prEstados - copia/prEstados.runs/impl_1
# Command line       : vivado.exe -log top.vdi -applog -product Vivado -messageDb vivado.pb -mode batch -source top.tcl -notrace
# Log file           : C:/Users/daiju/Desktop/LAB DE SED EXAMEN/prEstados - copia/prEstados - copia/prEstados.runs/impl_1/top.vdi
# Journal file       : C:/Users/daiju/Desktop/LAB DE SED EXAMEN/prEstados - copia/prEstados - copia/prEstados.runs/impl_1\vivado.jou
# Running On         : Junjie
# Platform           : Windows Server 2016 or Windows 10
# Operating System   : 26100
# Processor Detail   : 13th Gen Intel(R) Core(TM) i5-13420H
# CPU Frequency      : 2611 MHz
# CPU Physical cores : 8
# CPU Logical cores  : 12
# Host memory        : 16869 MB
# Swap memory        : 20401 MB
# Total Virtual      : 37270 MB
# Available Virtual  : 9764 MB
#-----------------------------------------------------------
source top.tcl -notrace
